Archive member included because of file (symbol)

../../Libraries/libstm32l1.a(stm32l1xx_gpio.o)
                              /tmp/ccVdAapo.o (GPIO_Init)
../../Libraries/libstm32l1.a(stm32l1xx_rcc.o)
                              /tmp/cc4gctRh.o (RCC_HSICmd)
/opt/ARM/bin/../lib/gcc/arm-none-eabi/4.8.3/armv6-m/libgcc.a(_thumb1_case_uqi.o)
                              /tmp/ccZXjZza.o (__gnu_thumb1_case_uqi)
/opt/ARM/bin/../lib/gcc/arm-none-eabi/4.8.3/armv6-m/libgcc.a(_udivsi3.o)
                              /tmp/cc4gctRh.o (__aeabi_uidiv)
/opt/ARM/bin/../lib/gcc/arm-none-eabi/4.8.3/armv6-m/libgcc.a(_dvmd_tls.o)
                              /opt/ARM/bin/../lib/gcc/arm-none-eabi/4.8.3/armv6-m/libgcc.a(_udivsi3.o) (__aeabi_idiv0)
/opt/ARM/bin/../lib/gcc/arm-none-eabi/4.8.3/../../../../arm-none-eabi/lib/armv6-m/libg.a(lib_a-exit.o)
                              /opt/ARM/bin/../lib/gcc/arm-none-eabi/4.8.3/../../../../arm-none-eabi/lib/armv6-m/crt0.o (exit)
/opt/ARM/bin/../lib/gcc/arm-none-eabi/4.8.3/../../../../arm-none-eabi/lib/armv6-m/libg.a(lib_a-impure.o)
                              /opt/ARM/bin/../lib/gcc/arm-none-eabi/4.8.3/../../../../arm-none-eabi/lib/armv6-m/libg.a(lib_a-exit.o) (_global_impure_ptr)
/opt/ARM/bin/../lib/gcc/arm-none-eabi/4.8.3/../../../../arm-none-eabi/lib/armv6-m/libg.a(lib_a-init.o)
                              /opt/ARM/bin/../lib/gcc/arm-none-eabi/4.8.3/../../../../arm-none-eabi/lib/armv6-m/crt0.o (__libc_init_array)
/opt/ARM/bin/../lib/gcc/arm-none-eabi/4.8.3/../../../../arm-none-eabi/lib/armv6-m/libg.a(lib_a-memset.o)
                              /opt/ARM/bin/../lib/gcc/arm-none-eabi/4.8.3/../../../../arm-none-eabi/lib/armv6-m/crt0.o (memset)
/opt/ARM/bin/../lib/gcc/arm-none-eabi/4.8.3/../../../../arm-none-eabi/lib/armv6-m/libg.a(lib_a-__call_atexit.o)
                              /opt/ARM/bin/../lib/gcc/arm-none-eabi/4.8.3/../../../../arm-none-eabi/lib/armv6-m/libg.a(lib_a-exit.o) (__call_exitprocs)
/opt/ARM/bin/../lib/gcc/arm-none-eabi/4.8.3/../../../../arm-none-eabi/lib/armv6-m/libg.a(lib_a-atexit.o)
                              /opt/ARM/bin/../lib/gcc/arm-none-eabi/4.8.3/../../../../arm-none-eabi/lib/armv6-m/libg.a(lib_a-__call_atexit.o) (atexit)
/opt/ARM/bin/../lib/gcc/arm-none-eabi/4.8.3/../../../../arm-none-eabi/lib/armv6-m/libg.a(lib_a-fini.o)
                              /opt/ARM/bin/../lib/gcc/arm-none-eabi/4.8.3/../../../../arm-none-eabi/lib/armv6-m/libg.a(lib_a-__call_atexit.o) (__libc_fini_array)
/opt/ARM/bin/../lib/gcc/arm-none-eabi/4.8.3/../../../../arm-none-eabi/lib/armv6-m/libg.a(lib_a-__atexit.o)
                              /opt/ARM/bin/../lib/gcc/arm-none-eabi/4.8.3/../../../../arm-none-eabi/lib/armv6-m/libg.a(lib_a-atexit.o) (__register_exitproc)

Discarded input sections

 .text          0x00000000        0x0 /opt/ARM/bin/../lib/gcc/arm-none-eabi/4.8.3/armv6-m/crti.o
 .data          0x00000000        0x0 /opt/ARM/bin/../lib/gcc/arm-none-eabi/4.8.3/armv6-m/crti.o
 .bss           0x00000000        0x0 /opt/ARM/bin/../lib/gcc/arm-none-eabi/4.8.3/armv6-m/crti.o
 .text          0x00000000       0x60 /opt/ARM/bin/../lib/gcc/arm-none-eabi/4.8.3/armv6-m/crtbegin.o
 .data          0x00000000        0x4 /opt/ARM/bin/../lib/gcc/arm-none-eabi/4.8.3/armv6-m/crtbegin.o
 .bss           0x00000000       0x1c /opt/ARM/bin/../lib/gcc/arm-none-eabi/4.8.3/armv6-m/crtbegin.o
 .init_array    0x00000000        0x4 /opt/ARM/bin/../lib/gcc/arm-none-eabi/4.8.3/armv6-m/crtbegin.o
 .fini_array    0x00000000        0x4 /opt/ARM/bin/../lib/gcc/arm-none-eabi/4.8.3/armv6-m/crtbegin.o
 .eh_frame      0x00000000        0x0 /opt/ARM/bin/../lib/gcc/arm-none-eabi/4.8.3/armv6-m/crtbegin.o
 .jcr           0x00000000        0x0 /opt/ARM/bin/../lib/gcc/arm-none-eabi/4.8.3/armv6-m/crtbegin.o
 .ARM.attributes
                0x00000000       0x2c /opt/ARM/bin/../lib/gcc/arm-none-eabi/4.8.3/armv6-m/crtbegin.o
 .text          0x00000000       0x78 /opt/ARM/bin/../lib/gcc/arm-none-eabi/4.8.3/../../../../arm-none-eabi/lib/armv6-m/crt0.o
 .data          0x00000000        0x0 /opt/ARM/bin/../lib/gcc/arm-none-eabi/4.8.3/../../../../arm-none-eabi/lib/armv6-m/crt0.o
 .bss           0x00000000        0x0 /opt/ARM/bin/../lib/gcc/arm-none-eabi/4.8.3/../../../../arm-none-eabi/lib/armv6-m/crt0.o
 .ARM.extab     0x00000000        0x0 /opt/ARM/bin/../lib/gcc/arm-none-eabi/4.8.3/../../../../arm-none-eabi/lib/armv6-m/crt0.o
 .ARM.exidx     0x00000000        0x8 /opt/ARM/bin/../lib/gcc/arm-none-eabi/4.8.3/../../../../arm-none-eabi/lib/armv6-m/crt0.o
 .ARM.attributes
                0x00000000       0x1b /opt/ARM/bin/../lib/gcc/arm-none-eabi/4.8.3/../../../../arm-none-eabi/lib/armv6-m/crt0.o
 .text          0x00000000        0x0 /tmp/ccylf0IA.o
 .data          0x00000000        0x0 /tmp/ccylf0IA.o
 .bss           0x00000000        0x0 /tmp/ccylf0IA.o
 .text          0x00000000        0x0 /tmp/ccVdAapo.o
 .data          0x00000000        0x0 /tmp/ccVdAapo.o
 .bss           0x00000000        0x0 /tmp/ccVdAapo.o
 .text.lcdXY    0x00000000       0x1a /tmp/ccVdAapo.o
 .text.lcdChar  0x00000000       0x38 /tmp/ccVdAapo.o
 .text.lcdStr   0x00000000       0x14 /tmp/ccVdAapo.o
 .text.lcdGlyph
                0x00000000       0x26 /tmp/ccVdAapo.o
 .rodata.ASCII  0x00000000      0x1e0 /tmp/ccVdAapo.o
 .text          0x00000000        0x0 /tmp/cc4gctRh.o
 .data          0x00000000        0x0 /tmp/cc4gctRh.o
 .bss           0x00000000        0x0 /tmp/cc4gctRh.o
 .text          0x00000000        0x0 /tmp/ccVWIINd.o
 .data          0x00000000        0x0 /tmp/ccVWIINd.o
 .bss           0x00000000        0x0 /tmp/ccVWIINd.o
 .text          0x00000000        0x0 /tmp/ccO1LOzb.o
 .data          0x00000000        0x0 /tmp/ccO1LOzb.o
 .bss           0x00000000        0x0 /tmp/ccO1LOzb.o
 .text          0x00000000        0x0 /tmp/ccZXjZza.o
 .data          0x00000000        0x0 /tmp/ccZXjZza.o
 .bss           0x00000000        0x0 /tmp/ccZXjZza.o
 .text.SystemCoreClockUpdate
                0x00000000       0x8c /tmp/ccZXjZza.o
 .data.PLLMulTable
                0x00000000        0x9 /tmp/ccZXjZza.o
 .data.AHBPrescTable
                0x00000000       0x10 /tmp/ccZXjZza.o
 .data.SystemCoreClock
                0x00000000        0x4 /tmp/ccZXjZza.o
 .text          0x00000000       0x14 /tmp/cc6FTPL9.o
 .data          0x00000000        0x0 /tmp/cc6FTPL9.o
 .bss           0x00000000        0x0 /tmp/cc6FTPL9.o
 .data          0x00000000        0x0 ../../Libraries/libstm32l1.a(stm32l1xx_gpio.o)
 .bss           0x00000000        0x0 ../../Libraries/libstm32l1.a(stm32l1xx_gpio.o)
 .bss           0x00000000        0x0 ../../Libraries/libstm32l1.a(stm32l1xx_rcc.o)
 .text          0x00000000       0x14 /opt/ARM/bin/../lib/gcc/arm-none-eabi/4.8.3/armv6-m/libgcc.a(_thumb1_case_uqi.o)
 .data          0x00000000        0x0 /opt/ARM/bin/../lib/gcc/arm-none-eabi/4.8.3/armv6-m/libgcc.a(_thumb1_case_uqi.o)
 .bss           0x00000000        0x0 /opt/ARM/bin/../lib/gcc/arm-none-eabi/4.8.3/armv6-m/libgcc.a(_thumb1_case_uqi.o)
 .ARM.attributes
                0x00000000       0x1e /opt/ARM/bin/../lib/gcc/arm-none-eabi/4.8.3/armv6-m/libgcc.a(_thumb1_case_uqi.o)
 .data          0x00000000        0x0 /opt/ARM/bin/../lib/gcc/arm-none-eabi/4.8.3/armv6-m/libgcc.a(_udivsi3.o)
 .bss           0x00000000        0x0 /opt/ARM/bin/../lib/gcc/arm-none-eabi/4.8.3/armv6-m/libgcc.a(_udivsi3.o)
 .data          0x00000000        0x0 /opt/ARM/bin/../lib/gcc/arm-none-eabi/4.8.3/armv6-m/libgcc.a(_dvmd_tls.o)
 .bss           0x00000000        0x0 /opt/ARM/bin/../lib/gcc/arm-none-eabi/4.8.3/armv6-m/libgcc.a(_dvmd_tls.o)
 .text          0x00000000        0x0 /opt/ARM/bin/../lib/gcc/arm-none-eabi/4.8.3/../../../../arm-none-eabi/lib/armv6-m/libg.a(lib_a-exit.o)
 .data          0x00000000        0x0 /opt/ARM/bin/../lib/gcc/arm-none-eabi/4.8.3/../../../../arm-none-eabi/lib/armv6-m/libg.a(lib_a-exit.o)
 .bss           0x00000000        0x0 /opt/ARM/bin/../lib/gcc/arm-none-eabi/4.8.3/../../../../arm-none-eabi/lib/armv6-m/libg.a(lib_a-exit.o)
 .text.exit     0x00000000       0x20 /opt/ARM/bin/../lib/gcc/arm-none-eabi/4.8.3/../../../../arm-none-eabi/lib/armv6-m/libg.a(lib_a-exit.o)
 .ARM.attributes
                0x00000000       0x2c /opt/ARM/bin/../lib/gcc/arm-none-eabi/4.8.3/../../../../arm-none-eabi/lib/armv6-m/libg.a(lib_a-exit.o)
 .debug_frame   0x00000000       0x28 /opt/ARM/bin/../lib/gcc/arm-none-eabi/4.8.3/../../../../arm-none-eabi/lib/armv6-m/libg.a(lib_a-exit.o)
 .text          0x00000000        0x0 /opt/ARM/bin/../lib/gcc/arm-none-eabi/4.8.3/../../../../arm-none-eabi/lib/armv6-m/libg.a(lib_a-impure.o)
 .data          0x00000000        0x0 /opt/ARM/bin/../lib/gcc/arm-none-eabi/4.8.3/../../../../arm-none-eabi/lib/armv6-m/libg.a(lib_a-impure.o)
 .bss           0x00000000        0x0 /opt/ARM/bin/../lib/gcc/arm-none-eabi/4.8.3/../../../../arm-none-eabi/lib/armv6-m/libg.a(lib_a-impure.o)
 .data.impure_data
                0x00000000      0x428 /opt/ARM/bin/../lib/gcc/arm-none-eabi/4.8.3/../../../../arm-none-eabi/lib/armv6-m/libg.a(lib_a-impure.o)
 .data._impure_ptr
                0x00000000        0x4 /opt/ARM/bin/../lib/gcc/arm-none-eabi/4.8.3/../../../../arm-none-eabi/lib/armv6-m/libg.a(lib_a-impure.o)
 .rodata.str1.4
                0x00000000        0x4 /opt/ARM/bin/../lib/gcc/arm-none-eabi/4.8.3/../../../../arm-none-eabi/lib/armv6-m/libg.a(lib_a-impure.o)
 .rodata._global_impure_ptr
                0x00000000        0x4 /opt/ARM/bin/../lib/gcc/arm-none-eabi/4.8.3/../../../../arm-none-eabi/lib/armv6-m/libg.a(lib_a-impure.o)
 .ARM.attributes
                0x00000000       0x2c /opt/ARM/bin/../lib/gcc/arm-none-eabi/4.8.3/../../../../arm-none-eabi/lib/armv6-m/libg.a(lib_a-impure.o)
 .text          0x00000000        0x0 /opt/ARM/bin/../lib/gcc/arm-none-eabi/4.8.3/../../../../arm-none-eabi/lib/armv6-m/libg.a(lib_a-init.o)
 .data          0x00000000        0x0 /opt/ARM/bin/../lib/gcc/arm-none-eabi/4.8.3/../../../../arm-none-eabi/lib/armv6-m/libg.a(lib_a-init.o)
 .bss           0x00000000        0x0 /opt/ARM/bin/../lib/gcc/arm-none-eabi/4.8.3/../../../../arm-none-eabi/lib/armv6-m/libg.a(lib_a-init.o)
 .text          0x00000000        0x0 /opt/ARM/bin/../lib/gcc/arm-none-eabi/4.8.3/../../../../arm-none-eabi/lib/armv6-m/libg.a(lib_a-memset.o)
 .data          0x00000000        0x0 /opt/ARM/bin/../lib/gcc/arm-none-eabi/4.8.3/../../../../arm-none-eabi/lib/armv6-m/libg.a(lib_a-memset.o)
 .bss           0x00000000        0x0 /opt/ARM/bin/../lib/gcc/arm-none-eabi/4.8.3/../../../../arm-none-eabi/lib/armv6-m/libg.a(lib_a-memset.o)
 .text.memset   0x00000000       0xbc /opt/ARM/bin/../lib/gcc/arm-none-eabi/4.8.3/../../../../arm-none-eabi/lib/armv6-m/libg.a(lib_a-memset.o)
 .ARM.attributes
                0x00000000       0x2c /opt/ARM/bin/../lib/gcc/arm-none-eabi/4.8.3/../../../../arm-none-eabi/lib/armv6-m/libg.a(lib_a-memset.o)
 .debug_frame   0x00000000       0x38 /opt/ARM/bin/../lib/gcc/arm-none-eabi/4.8.3/../../../../arm-none-eabi/lib/armv6-m/libg.a(lib_a-memset.o)
 .text          0x00000000        0x0 /opt/ARM/bin/../lib/gcc/arm-none-eabi/4.8.3/../../../../arm-none-eabi/lib/armv6-m/libg.a(lib_a-__call_atexit.o)
 .data          0x00000000        0x0 /opt/ARM/bin/../lib/gcc/arm-none-eabi/4.8.3/../../../../arm-none-eabi/lib/armv6-m/libg.a(lib_a-__call_atexit.o)
 .bss           0x00000000        0x0 /opt/ARM/bin/../lib/gcc/arm-none-eabi/4.8.3/../../../../arm-none-eabi/lib/armv6-m/libg.a(lib_a-__call_atexit.o)
 .text.startup.register_fini
                0x00000000       0x18 /opt/ARM/bin/../lib/gcc/arm-none-eabi/4.8.3/../../../../arm-none-eabi/lib/armv6-m/libg.a(lib_a-__call_atexit.o)
 .init_array.00000
                0x00000000        0x4 /opt/ARM/bin/../lib/gcc/arm-none-eabi/4.8.3/../../../../arm-none-eabi/lib/armv6-m/libg.a(lib_a-__call_atexit.o)
 .text.__call_exitprocs
                0x00000000      0x118 /opt/ARM/bin/../lib/gcc/arm-none-eabi/4.8.3/../../../../arm-none-eabi/lib/armv6-m/libg.a(lib_a-__call_atexit.o)
 .ARM.attributes
                0x00000000       0x2c /opt/ARM/bin/../lib/gcc/arm-none-eabi/4.8.3/../../../../arm-none-eabi/lib/armv6-m/libg.a(lib_a-__call_atexit.o)
 .debug_frame   0x00000000       0x54 /opt/ARM/bin/../lib/gcc/arm-none-eabi/4.8.3/../../../../arm-none-eabi/lib/armv6-m/libg.a(lib_a-__call_atexit.o)
 .text          0x00000000        0x0 /opt/ARM/bin/../lib/gcc/arm-none-eabi/4.8.3/../../../../arm-none-eabi/lib/armv6-m/libg.a(lib_a-atexit.o)
 .data          0x00000000        0x0 /opt/ARM/bin/../lib/gcc/arm-none-eabi/4.8.3/../../../../arm-none-eabi/lib/armv6-m/libg.a(lib_a-atexit.o)
 .bss           0x00000000        0x0 /opt/ARM/bin/../lib/gcc/arm-none-eabi/4.8.3/../../../../arm-none-eabi/lib/armv6-m/libg.a(lib_a-atexit.o)
 .text.atexit   0x00000000       0x10 /opt/ARM/bin/../lib/gcc/arm-none-eabi/4.8.3/../../../../arm-none-eabi/lib/armv6-m/libg.a(lib_a-atexit.o)
 .ARM.attributes
                0x00000000       0x2c /opt/ARM/bin/../lib/gcc/arm-none-eabi/4.8.3/../../../../arm-none-eabi/lib/armv6-m/libg.a(lib_a-atexit.o)
 .debug_frame   0x00000000       0x28 /opt/ARM/bin/../lib/gcc/arm-none-eabi/4.8.3/../../../../arm-none-eabi/lib/armv6-m/libg.a(lib_a-atexit.o)
 .text          0x00000000        0x0 /opt/ARM/bin/../lib/gcc/arm-none-eabi/4.8.3/../../../../arm-none-eabi/lib/armv6-m/libg.a(lib_a-fini.o)
 .data          0x00000000        0x0 /opt/ARM/bin/../lib/gcc/arm-none-eabi/4.8.3/../../../../arm-none-eabi/lib/armv6-m/libg.a(lib_a-fini.o)
 .bss           0x00000000        0x0 /opt/ARM/bin/../lib/gcc/arm-none-eabi/4.8.3/../../../../arm-none-eabi/lib/armv6-m/libg.a(lib_a-fini.o)
 .text.__libc_fini_array
                0x00000000       0x30 /opt/ARM/bin/../lib/gcc/arm-none-eabi/4.8.3/../../../../arm-none-eabi/lib/armv6-m/libg.a(lib_a-fini.o)
 .ARM.attributes
                0x00000000       0x2c /opt/ARM/bin/../lib/gcc/arm-none-eabi/4.8.3/../../../../arm-none-eabi/lib/armv6-m/libg.a(lib_a-fini.o)
 .debug_frame   0x00000000       0x2c /opt/ARM/bin/../lib/gcc/arm-none-eabi/4.8.3/../../../../arm-none-eabi/lib/armv6-m/libg.a(lib_a-fini.o)
 .text          0x00000000        0x0 /opt/ARM/bin/../lib/gcc/arm-none-eabi/4.8.3/../../../../arm-none-eabi/lib/armv6-m/libg.a(lib_a-__atexit.o)
 .data          0x00000000        0x0 /opt/ARM/bin/../lib/gcc/arm-none-eabi/4.8.3/../../../../arm-none-eabi/lib/armv6-m/libg.a(lib_a-__atexit.o)
 .bss           0x00000000        0x0 /opt/ARM/bin/../lib/gcc/arm-none-eabi/4.8.3/../../../../arm-none-eabi/lib/armv6-m/libg.a(lib_a-__atexit.o)
 .text.__register_exitproc
                0x00000000       0xc0 /opt/ARM/bin/../lib/gcc/arm-none-eabi/4.8.3/../../../../arm-none-eabi/lib/armv6-m/libg.a(lib_a-__atexit.o)
 .ARM.attributes
                0x00000000       0x2c /opt/ARM/bin/../lib/gcc/arm-none-eabi/4.8.3/../../../../arm-none-eabi/lib/armv6-m/libg.a(lib_a-__atexit.o)
 .debug_frame   0x00000000       0x38 /opt/ARM/bin/../lib/gcc/arm-none-eabi/4.8.3/../../../../arm-none-eabi/lib/armv6-m/libg.a(lib_a-__atexit.o)
 .text          0x00000000        0x0 /opt/ARM/bin/../lib/gcc/arm-none-eabi/4.8.3/armv6-m/crtend.o
 .data          0x00000000        0x0 /opt/ARM/bin/../lib/gcc/arm-none-eabi/4.8.3/armv6-m/crtend.o
 .bss           0x00000000        0x0 /opt/ARM/bin/../lib/gcc/arm-none-eabi/4.8.3/armv6-m/crtend.o
 .eh_frame      0x00000000        0x4 /opt/ARM/bin/../lib/gcc/arm-none-eabi/4.8.3/armv6-m/crtend.o
 .jcr           0x00000000        0x4 /opt/ARM/bin/../lib/gcc/arm-none-eabi/4.8.3/armv6-m/crtend.o
 .ARM.attributes
                0x00000000       0x2c /opt/ARM/bin/../lib/gcc/arm-none-eabi/4.8.3/armv6-m/crtend.o
 .text          0x00000000        0x0 /opt/ARM/bin/../lib/gcc/arm-none-eabi/4.8.3/armv6-m/crtn.o
 .data          0x00000000        0x0 /opt/ARM/bin/../lib/gcc/arm-none-eabi/4.8.3/armv6-m/crtn.o
 .bss           0x00000000        0x0 /opt/ARM/bin/../lib/gcc/arm-none-eabi/4.8.3/armv6-m/crtn.o

Memory Configuration

Name             Origin             Length             Attributes
FLASH            0x08000000         0x00020000         xr
RAM              0x20000000         0x00004000         xrw
*default*        0x00000000         0xffffffff

Linker script and memory map

LOAD /opt/ARM/bin/../lib/gcc/arm-none-eabi/4.8.3/armv6-m/crti.o
LOAD /opt/ARM/bin/../lib/gcc/arm-none-eabi/4.8.3/armv6-m/crtbegin.o
LOAD /opt/ARM/bin/../lib/gcc/arm-none-eabi/4.8.3/../../../../arm-none-eabi/lib/armv6-m/crt0.o
LOAD /tmp/ccylf0IA.o
LOAD /tmp/ccVdAapo.o
LOAD /tmp/cc4gctRh.o
LOAD /tmp/ccVWIINd.o
LOAD /tmp/ccO1LOzb.o
LOAD /tmp/ccZXjZza.o
LOAD /tmp/cc6FTPL9.o
LOAD ../../Libraries/libstm32l1.a
START GROUP
LOAD /opt/ARM/bin/../lib/gcc/arm-none-eabi/4.8.3/armv6-m/libgcc.a
LOAD /opt/ARM/bin/../lib/gcc/arm-none-eabi/4.8.3/../../../../arm-none-eabi/lib/armv6-m/libg.a
LOAD /opt/ARM/bin/../lib/gcc/arm-none-eabi/4.8.3/../../../../arm-none-eabi/lib/armv6-m/libc.a
END GROUP
LOAD /opt/ARM/bin/../lib/gcc/arm-none-eabi/4.8.3/armv6-m/crtend.o
LOAD /opt/ARM/bin/../lib/gcc/arm-none-eabi/4.8.3/armv6-m/crtn.o
                0x20002000                _estack = 0x20002000

.isr_vector     0x08000000      0x10c
                0x08000000                . = ALIGN (0x4)
 *(.isr_vector)
 .isr_vector    0x08000000      0x10c /tmp/cc6FTPL9.o
                0x08000000                g_pfnVectors
                0x0800010c                . = ALIGN (0x4)

.text           0x0800010c      0xca0
                0x0800010c                . = ALIGN (0x4)
 *(.text)
 .text          0x0800010c      0x23c ../../Libraries/libstm32l1.a(stm32l1xx_gpio.o)
                0x0800010c                GPIO_DeInit
                0x080001f0                GPIO_Init
                0x080002a0                GPIO_StructInit
                0x080002b4                GPIO_PinLockConfig
                0x080002d8                GPIO_ReadInputDataBit
                0x080002e4                GPIO_ReadInputData
                0x080002ec                GPIO_ReadOutputDataBit
                0x080002f8                GPIO_ReadOutputData
                0x08000300                GPIO_SetBits
                0x08000304                GPIO_ResetBits
                0x08000308                GPIO_WriteBit
                0x08000314                GPIO_Write
                0x08000318                GPIO_ToggleBits
                0x08000324                GPIO_PinAFConfig
 .text          0x08000348      0x404 ../../Libraries/libstm32l1.a(stm32l1xx_rcc.o)
                0x08000348                RCC_DeInit
                0x08000390                RCC_HSEConfig
                0x080003a0                RCC_WaitForHSEStartUp
                0x080003dc                RCC_AdjustMSICalibrationValue
                0x080003e8                RCC_MSIRangeConfig
                0x08000400                RCC_MSICmd
                0x0800040c                RCC_AdjustHSICalibrationValue
                0x08000424                RCC_HSICmd
                0x08000430                RCC_LSEConfig
                0x08000440                RCC_LSICmd
                0x0800044c                RCC_PLLConfig
                0x0800045c                RCC_PLLCmd
                0x08000468                RCC_ClockSecuritySystemCmd
                0x08000474                RCC_LSEClockSecuritySystemCmd
                0x08000480                RCC_MCOConfig
                0x0800048c                RCC_SYSCLKConfig
                0x080004a0                RCC_GetSYSCLKSource
                0x080004b0                RCC_HCLKConfig
                0x080004c4                RCC_PCLK1Config
                0x080004dc                RCC_PCLK2Config
                0x080004f4                RCC_GetClocksFreq
                0x080005ac                RCC_RTCCLKConfig
                0x080005ec                RCC_RTCCLKCmd
                0x080005f8                RCC_RTCResetCmd
                0x08000604                RCC_AHBPeriphClockCmd
                0x0800061c                RCC_APB2PeriphClockCmd
                0x08000634                RCC_APB1PeriphClockCmd
                0x0800064c                RCC_AHBPeriphResetCmd
                0x08000664                RCC_APB2PeriphResetCmd
                0x0800067c                RCC_APB1PeriphResetCmd
                0x08000694                RCC_AHBPeriphClockLPModeCmd
                0x080006ac                RCC_APB2PeriphClockLPModeCmd
                0x080006c4                RCC_APB1PeriphClockLPModeCmd
                0x080006dc                RCC_ITConfig
                0x080006f4                RCC_GetFlagStatus
                0x08000718                RCC_ClearFlag
                0x0800072c                RCC_GetITStatus
                0x08000740                RCC_ClearITPendingBit
 .text          0x0800074c       0x9c /opt/ARM/bin/../lib/gcc/arm-none-eabi/4.8.3/armv6-m/libgcc.a(_udivsi3.o)
                0x0800074c                __udivsi3
                0x0800074c                __aeabi_uidiv
                0x080007d4                __aeabi_uidivmod
 .text          0x080007e8        0x4 /opt/ARM/bin/../lib/gcc/arm-none-eabi/4.8.3/armv6-m/libgcc.a(_dvmd_tls.o)
                0x080007e8                __aeabi_ldiv0
                0x080007e8                __aeabi_idiv0
 *(.text.*)
 .text.startup.main
                0x080007ec       0x20 /tmp/ccylf0IA.o
                0x080007ec                main
 .text.lcdWrite
                0x0800080c       0x6c /tmp/ccVdAapo.o
                0x0800080c                lcdWrite
 .text.lcdInit  0x08000878       0x8c /tmp/ccVdAapo.o
                0x08000878                lcdInit
 .text.lcdClear
                0x08000904       0x16 /tmp/ccVdAapo.o
                0x08000904                lcdClear
 *fill*         0x0800091a        0x2 
 .text.initClock
                0x0800091c       0x74 /tmp/cc4gctRh.o
                0x0800091c                initClock
 .text.delayms  0x08000990       0x10 /tmp/cc4gctRh.o
                0x08000990                delayms
 .text.TimingDelay_Decrement
                0x080009a0       0x14 /tmp/cc4gctRh.o
                0x080009a0                TimingDelay_Decrement
 .text.SysTick_Handler
                0x080009b4        0x8 /tmp/cc4gctRh.o
                0x080009b4                SysTick_Handler
 .text.initSystem
                0x080009bc        0xc /tmp/ccVWIINd.o
                0x080009bc                initSystem
 .text.showLogo
                0x080009c8       0x24 /tmp/ccO1LOzb.o
                0x080009c8                showLogo
 .text.SystemInit
                0x080009ec      0x114 /tmp/ccZXjZza.o
                0x080009ec                SystemInit
 .text.Reset_Handler
                0x08000b00       0x50 /tmp/cc6FTPL9.o
                0x08000b00                Reset_Handler
 .text.Default_Handler
                0x08000b50        0x4 /tmp/cc6FTPL9.o
                0x08000b50                RTC_Alarm_IRQHandler
                0x08000b50                EXTI2_IRQHandler
                0x08000b50                DebugMon_Handler
                0x08000b50                HardFault_Handler
                0x08000b50                TIM10_IRQHandler
                0x08000b50                USB_HP_IRQHandler
                0x08000b50                TIM6_IRQHandler
                0x08000b50                PVD_IRQHandler
                0x08000b50                PendSV_Handler
                0x08000b50                NMI_Handler
                0x08000b50                EXTI3_IRQHandler
                0x08000b50                EXTI0_IRQHandler
                0x08000b50                I2C2_EV_IRQHandler
                0x08000b50                UsageFault_Handler
                0x08000b50                SPI1_IRQHandler
                0x08000b50                USB_FS_WKUP_IRQHandler
                0x08000b50                DMA1_Channel4_IRQHandler
                0x08000b50                ADC1_IRQHandler
                0x08000b50                USART3_IRQHandler
                0x08000b50                DMA1_Channel7_IRQHandler
                0x08000b50                LCD_IRQHandler
                0x08000b50                TIM4_IRQHandler
                0x08000b50                I2C1_EV_IRQHandler
                0x08000b50                DMA1_Channel6_IRQHandler
                0x08000b50                TIM3_IRQHandler
                0x08000b50                RCC_IRQHandler
                0x08000b50                DMA1_Channel1_IRQHandler
                0x08000b50                Default_Handler
                0x08000b50                EXTI15_10_IRQHandler
                0x08000b50                TIM7_IRQHandler
                0x08000b50                EXTI9_5_IRQHandler
                0x08000b50                TIM9_IRQHandler
                0x08000b50                TAMPER_STAMP_IRQHandler
                0x08000b50                RTC_WKUP_IRQHandler
                0x08000b50                SPI2_IRQHandler
                0x08000b50                MemManage_Handler
                0x08000b50                SVC_Handler
                0x08000b50                DMA1_Channel5_IRQHandler
                0x08000b50                USB_LP_IRQHandler
                0x08000b50                EXTI4_IRQHandler
                0x08000b50                DMA1_Channel3_IRQHandler
                0x08000b50                COMP_IRQHandler
                0x08000b50                WWDG_IRQHandler
                0x08000b50                TIM2_IRQHandler
                0x08000b50                DAC_IRQHandler
                0x08000b50                EXTI1_IRQHandler
                0x08000b50                TIM11_IRQHandler
                0x08000b50                USART2_IRQHandler
                0x08000b50                I2C2_ER_IRQHandler
                0x08000b50                DMA1_Channel2_IRQHandler
                0x08000b50                FLASH_IRQHandler
                0x08000b50                BusFault_Handler
                0x08000b50                USART1_IRQHandler
                0x08000b50                I2C1_ER_IRQHandler
 .text.__libc_init_array
                0x08000b54       0x48 /opt/ARM/bin/../lib/gcc/arm-none-eabi/4.8.3/../../../../arm-none-eabi/lib/armv6-m/libg.a(lib_a-init.o)
                0x08000b54                __libc_init_array
 *(.rodata)
 *(.rodata*)
 .rodata.logo   0x08000b9c      0x1f8 /tmp/ccO1LOzb.o
 *(.glue_7)
 .glue_7        0x00000000        0x0 linker stubs
 *(.glue_7t)
 .glue_7t       0x00000000        0x0 linker stubs
 *(.init)
 .init          0x08000d94        0x4 /opt/ARM/bin/../lib/gcc/arm-none-eabi/4.8.3/armv6-m/crti.o
                0x08000d94                _init
 .init          0x08000d98        0x8 /opt/ARM/bin/../lib/gcc/arm-none-eabi/4.8.3/armv6-m/crtn.o
 *(.fini)
 .fini          0x08000da0        0x4 /opt/ARM/bin/../lib/gcc/arm-none-eabi/4.8.3/armv6-m/crti.o
                0x08000da0                _fini
 .fini          0x08000da4        0x8 /opt/ARM/bin/../lib/gcc/arm-none-eabi/4.8.3/armv6-m/crtn.o
                0x08000dac                . = ALIGN (0x4)
                0x08000dac                _etext = .
                0x08000dac                _sidata = _etext

.vfp11_veneer   0x08000dac        0x0
 .vfp11_veneer  0x00000000        0x0 linker stubs

.v4_bx          0x08000dac        0x0
 .v4_bx         0x00000000        0x0 linker stubs

.iplt           0x08000dac        0x0
 .iplt          0x00000000        0x0 /opt/ARM/bin/../lib/gcc/arm-none-eabi/4.8.3/armv6-m/crtbegin.o

.rel.dyn        0x08000dac        0x0
 .rel.iplt      0x00000000        0x0 /opt/ARM/bin/../lib/gcc/arm-none-eabi/4.8.3/armv6-m/crtbegin.o

.data           0x20000000       0x1c load address 0x08000dac
                0x20000000                . = ALIGN (0x4)
                0x20000000                _sdata = .
                0x20000000                _data = .
 *(.data)
 .data          0x20000000       0x1c ../../Libraries/libstm32l1.a(stm32l1xx_rcc.o)
 *(.data.*)
 *(.RAMtext)
                0x2000001c                . = ALIGN (0x4)
                0x2000001c                _edata = .

.igot.plt       0x2000001c        0x0 load address 0x08000dc8
 .igot.plt      0x00000000        0x0 /opt/ARM/bin/../lib/gcc/arm-none-eabi/4.8.3/armv6-m/crtbegin.o

.bss            0x2000001c        0x8 load address 0x08000dc8
                0x2000001c                . = ALIGN (0x4)
                0x2000001c                _sbss = .
                0x2000001c                _bss = .
 *(.bss)
 *(.bss.*)
 .bss.currentState
                0x2000001c        0x4 /tmp/ccylf0IA.o
 .bss.TimingDelay
                0x20000020        0x4 /tmp/cc4gctRh.o
 *(COMMON)
                0x20000024                . = ALIGN (0x4)
                0x20000024                _ebss = .
                0x20000024                PROVIDE (end, _ebss)
                0x20000024                PROVIDE (_end, _ebss)
                0x20000024                __exidx_start = .
                0x20000024                __exidx_end = .

/DISCARD/
 libc.a(*)
 libm.a(*)
 libgcc.a(*)

.stab
 *(.stab)

.stabstr
 *(.stabstr)

.stab.excl
 *(.stab.excl)

.stab.exclstr
 *(.stab.exclstr)

.stab.index
 *(.stab.index)

.stab.indexstr
 *(.stab.indexstr)

.comment        0x00000000       0x70
 *(.comment)
 .comment       0x00000000       0x70 /tmp/ccylf0IA.o
                                 0x71 (size before relaxing)
 .comment       0x00000000       0x71 /tmp/ccVdAapo.o
 .comment       0x00000000       0x71 /tmp/cc4gctRh.o
 .comment       0x00000000       0x71 /tmp/ccVWIINd.o
 .comment       0x00000000       0x71 /tmp/ccO1LOzb.o
 .comment       0x00000000       0x71 /tmp/ccZXjZza.o
 .comment       0x00000000       0x71 ../../Libraries/libstm32l1.a(stm32l1xx_gpio.o)
 .comment       0x00000000       0x71 ../../Libraries/libstm32l1.a(stm32l1xx_rcc.o)

.ARM.attributes
                0x00000000       0x2d
 .ARM.attributes
                0x00000000       0x1e /opt/ARM/bin/../lib/gcc/arm-none-eabi/4.8.3/armv6-m/crti.o
 .ARM.attributes
                0x0000001e       0x31 /tmp/ccylf0IA.o
 .ARM.attributes
                0x0000004f       0x31 /tmp/ccVdAapo.o
 .ARM.attributes
                0x00000080       0x31 /tmp/cc4gctRh.o
 .ARM.attributes
                0x000000b1       0x31 /tmp/ccVWIINd.o
 .ARM.attributes
                0x000000e2       0x31 /tmp/ccO1LOzb.o
 .ARM.attributes
                0x00000113       0x31 /tmp/ccZXjZza.o
 .ARM.attributes
                0x00000144       0x21 /tmp/cc6FTPL9.o
 .ARM.attributes
                0x00000165       0x31 ../../Libraries/libstm32l1.a(stm32l1xx_gpio.o)
 .ARM.attributes
                0x00000196       0x31 ../../Libraries/libstm32l1.a(stm32l1xx_rcc.o)
 .ARM.attributes
                0x000001c7       0x1e /opt/ARM/bin/../lib/gcc/arm-none-eabi/4.8.3/armv6-m/libgcc.a(_udivsi3.o)
 .ARM.attributes
                0x000001e5       0x1e /opt/ARM/bin/../lib/gcc/arm-none-eabi/4.8.3/armv6-m/libgcc.a(_dvmd_tls.o)
 .ARM.attributes
                0x00000203       0x2c /opt/ARM/bin/../lib/gcc/arm-none-eabi/4.8.3/../../../../arm-none-eabi/lib/armv6-m/libg.a(lib_a-init.o)
 .ARM.attributes
                0x0000022f       0x1e /opt/ARM/bin/../lib/gcc/arm-none-eabi/4.8.3/armv6-m/crtn.o

.debug
 *(.debug)

.line
 *(.line)

.debug_srcinfo
 *(.debug_srcinfo)

.debug_sfnames
 *(.debug_sfnames)

.debug_aranges  0x00000000      0x178
 *(.debug_aranges)
 .debug_aranges
                0x00000000       0x20 /tmp/ccylf0IA.o
 .debug_aranges
                0x00000020       0x50 /tmp/ccVdAapo.o
 .debug_aranges
                0x00000070       0x38 /tmp/cc4gctRh.o
 .debug_aranges
                0x000000a8       0x20 /tmp/ccVWIINd.o
 .debug_aranges
                0x000000c8       0x20 /tmp/ccO1LOzb.o
 .debug_aranges
                0x000000e8       0x28 /tmp/ccZXjZza.o
 .debug_aranges
                0x00000110       0x28 /tmp/cc6FTPL9.o
 .debug_aranges
                0x00000138       0x20 ../../Libraries/libstm32l1.a(stm32l1xx_gpio.o)
 .debug_aranges
                0x00000158       0x20 ../../Libraries/libstm32l1.a(stm32l1xx_rcc.o)

.debug_pubnames
 *(.debug_pubnames)

.debug_info     0x00000000     0x2c1c
 *(.debug_info .gnu.linkonce.wi.*)
 .debug_info    0x00000000      0x150 /tmp/ccylf0IA.o
 .debug_info    0x00000150      0x7a5 /tmp/ccVdAapo.o
 .debug_info    0x000008f5      0x89c /tmp/cc4gctRh.o
 .debug_info    0x00001191      0x11d /tmp/ccVWIINd.o
 .debug_info    0x000012ae      0x166 /tmp/ccO1LOzb.o
 .debug_info    0x00001414      0x53f /tmp/ccZXjZza.o
 .debug_info    0x00001953       0x79 /tmp/cc6FTPL9.o
 .debug_info    0x000019cc      0x7bd ../../Libraries/libstm32l1.a(stm32l1xx_gpio.o)
 .debug_info    0x00002189      0xa93 ../../Libraries/libstm32l1.a(stm32l1xx_rcc.o)

.debug_abbrev   0x00000000      0xcd0
 *(.debug_abbrev)
 .debug_abbrev  0x00000000       0xf4 /tmp/ccylf0IA.o
 .debug_abbrev  0x000000f4      0x1c2 /tmp/ccVdAapo.o
 .debug_abbrev  0x000002b6      0x268 /tmp/cc4gctRh.o
 .debug_abbrev  0x0000051e       0xb4 /tmp/ccVWIINd.o
 .debug_abbrev  0x000005d2      0x10e /tmp/ccO1LOzb.o
 .debug_abbrev  0x000006e0      0x15f /tmp/ccZXjZza.o
 .debug_abbrev  0x0000083f       0x12 /tmp/cc6FTPL9.o
 .debug_abbrev  0x00000851      0x1e5 ../../Libraries/libstm32l1.a(stm32l1xx_gpio.o)
 .debug_abbrev  0x00000a36      0x29a ../../Libraries/libstm32l1.a(stm32l1xx_rcc.o)

.debug_line     0x00000000      0xd3b
 *(.debug_line)
 .debug_line    0x00000000       0xd1 /tmp/ccylf0IA.o
 .debug_line    0x000000d1      0x242 /tmp/ccVdAapo.o
 .debug_line    0x00000313      0x1b6 /tmp/cc4gctRh.o
 .debug_line    0x000004c9       0xcf /tmp/ccVWIINd.o
 .debug_line    0x00000598       0xce /tmp/ccO1LOzb.o
 .debug_line    0x00000666      0x13d /tmp/ccZXjZza.o
 .debug_line    0x000007a3       0x80 /tmp/cc6FTPL9.o
 .debug_line    0x00000823      0x20b ../../Libraries/libstm32l1.a(stm32l1xx_gpio.o)
 .debug_line    0x00000a2e      0x30d ../../Libraries/libstm32l1.a(stm32l1xx_rcc.o)

.debug_frame    0x00000000      0x5ec
 *(.debug_frame)
 .debug_frame   0x00000000       0x28 /tmp/ccylf0IA.o
 .debug_frame   0x00000028       0xcc /tmp/ccVdAapo.o
 .debug_frame   0x000000f4       0x68 /tmp/cc4gctRh.o
 .debug_frame   0x0000015c       0x28 /tmp/ccVWIINd.o
 .debug_frame   0x00000184       0x28 /tmp/ccO1LOzb.o
 .debug_frame   0x000001ac       0x4c /tmp/ccZXjZza.o
 .debug_frame   0x000001f8      0x120 ../../Libraries/libstm32l1.a(stm32l1xx_gpio.o)
 .debug_frame   0x00000318      0x288 ../../Libraries/libstm32l1.a(stm32l1xx_rcc.o)
 .debug_frame   0x000005a0       0x20 /opt/ARM/bin/../lib/gcc/arm-none-eabi/4.8.3/armv6-m/libgcc.a(_udivsi3.o)
 .debug_frame   0x000005c0       0x2c /opt/ARM/bin/../lib/gcc/arm-none-eabi/4.8.3/../../../../arm-none-eabi/lib/armv6-m/libg.a(lib_a-init.o)

.debug_str      0x00000000     0x10d2
 *(.debug_str)
 .debug_str     0x00000000      0x19c /tmp/ccylf0IA.o
                                0x1d8 (size before relaxing)
 .debug_str     0x0000019c      0x299 /tmp/ccVdAapo.o
                                0x456 (size before relaxing)
 .debug_str     0x00000435      0x56a /tmp/cc4gctRh.o
                                0x775 (size before relaxing)
 .debug_str     0x0000099f       0x13 /tmp/ccVWIINd.o
                                0x1d7 (size before relaxing)
 .debug_str     0x000009b2       0x15 /tmp/ccO1LOzb.o
                                0x1d7 (size before relaxing)
 .debug_str     0x000009c7      0x15c /tmp/ccZXjZza.o
                                0x36f (size before relaxing)
 .debug_str     0x00000b23      0x22a ../../Libraries/libstm32l1.a(stm32l1xx_gpio.o)
                                0x4e6 (size before relaxing)
 .debug_str     0x00000d4d      0x385 ../../Libraries/libstm32l1.a(stm32l1xx_rcc.o)
                                0x704 (size before relaxing)

.debug_loc      0x00000000     0x104e
 *(.debug_loc)
 .debug_loc     0x00000000      0x1db /tmp/ccVdAapo.o
 .debug_loc     0x000001db       0x20 /tmp/cc4gctRh.o
 .debug_loc     0x000001fb       0x1f /tmp/ccO1LOzb.o
 .debug_loc     0x0000021a      0x119 /tmp/ccZXjZza.o
 .debug_loc     0x00000333      0x38c ../../Libraries/libstm32l1.a(stm32l1xx_gpio.o)
 .debug_loc     0x000006bf      0x98f ../../Libraries/libstm32l1.a(stm32l1xx_rcc.o)

.debug_macinfo
 *(.debug_macinfo)

.debug_weaknames
 *(.debug_weaknames)

.debug_funcnames
 *(.debug_funcnames)

.debug_typenames
 *(.debug_typenames)

.debug_varnames
 *(.debug_varnames)
OUTPUT(main.elf elf32-littlearm)

.debug_ranges   0x00000000      0x120
 .debug_ranges  0x00000000       0x10 /tmp/ccylf0IA.o
 .debug_ranges  0x00000010       0x40 /tmp/ccVdAapo.o
 .debug_ranges  0x00000050       0x48 /tmp/cc4gctRh.o
 .debug_ranges  0x00000098       0x10 /tmp/ccVWIINd.o
 .debug_ranges  0x000000a8       0x10 /tmp/ccO1LOzb.o
 .debug_ranges  0x000000b8       0x30 /tmp/ccZXjZza.o
 .debug_ranges  0x000000e8       0x20 /tmp/cc6FTPL9.o
 .debug_ranges  0x00000108       0x18 ../../Libraries/libstm32l1.a(stm32l1xx_rcc.o)
